2026-03-18 16:40:54+01:00
